<?xml version="1.0" encoding="utf-8"?><testsuites name="pytest tests"><testsuite name="pytest" errors="0" failures="0" skipped="0" tests="584" time="55.713" timestamp="2026-05-09T02:23:57.041041+08:00" hostname="LAPTOP-7MKK6190"><testcase classname="backend.tests.test_adaptive_rate_limiter.TestSystemMetrics" name="test_load_score_low" time="0.176" /><testcase classname="backend.tests.test_adaptive_rate_limiter.TestSystemMetrics" name="test_load_score_normal" time="0.001" /><testcase classname="backend.tests.test_adaptive_rate_limiter.TestSystemMetrics" name="test_load_score_high" time="0.001" /><testcase classname="backend.tests.test_adaptive_rate_limiter.TestSystemMetrics" name="test_load_score_critical" time="0.001" /><testcase classname="backend.tests.test_adaptive_rate_limiter.TestSystemMetrics" name="test_latency_factor_capped_at_1s" time="0.001" /><testcase classname="backend.tests.test_adaptive_rate_limiter.TestSystemMetrics" name="test_zero_metrics" time="0.001" /><testcase classname="backend.tests.test_adaptive_rate_limiter.TestMetricsCollector" name="test_collect_returns_metrics" time="0.010" /><testcase classname="backend.tests.test_adaptive_rate_limiter.TestMetricsCollector" name="test_record_response_tracks_latency" time="0.001" /><testcase classname="backend.tests.test_adaptive_rate_limiter.TestMetricsCollector" name="test_record_response_tracks_errors" time="0.001" /><testcase classname="backend.tests.test_adaptive_rate_limiter.TestMetricsCollector" name="test_reset_clears_state" time="0.001" /><testcase classname="backend.tests.test_adaptive_rate_limiter.TestMetricsCollector" name="test_sliding_window_limit" time="0.004" /><testcase classname="backend.tests.test_adaptive_rate_limiter.TestAdaptiveRateLimiter" name="test_default_multiplier_is_one" time="0.001" /><testcase classname="backend.tests.test_adaptive_rate_limiter.TestAdaptiveRateLimiter" name="test_manual_multiplier_override" time="0.001" /><testcase classname="backend.tests.test_adaptive_rate_limiter.TestAdaptiveRateLimiter" name="test_force_update_changes_multiplier_for_high_load" time="0.001" /><testcase classname="backend.tests.test_adaptive_rate_limiter.TestAdaptiveRateLimiter" name="test_force_update_increases_multiplier_for_low_load" time="0.002" /><testcase classname="backend.tests.test_adaptive_rate_limiter.TestAdaptiveRateLimiter" name="test_multiplier_clamped_to_range" time="0.006" /><testcase classname="backend.tests.test_adaptive_rate_limiter.TestAdaptiveRateLimiter" name="test_record_response_updates_metrics" time="0.001" /><testcase classname="backend.tests.test_adaptive_rate_limiter.TestAdaptiveRateLimiter" name="test_get_status_returns_dict" time="0.001" /><testcase classname="backend.tests.test_adaptive_rate_limiter.TestAdaptiveRateLimiter" name="test_get_status_manual_mode" time="0.001" /><testcase classname="backend.tests.test_adaptive_rate_limiter.TestAdaptiveRateLimiter" name="test_start_and_stop_monitoring" time="0.331" /><testcase classname="backend.tests.test_adaptive_rate_limiter.TestAdaptiveRateLimiter" name="test_start_monitoring_idempotent" time="0.003" /><testcase classname="backend.tests.test_adaptive_rate_limiter.TestAdaptiveRateLimiter" name="test_load_level_property" time="0.002" /><testcase classname="backend.tests.test_adaptive_rate_limiter.TestGetAdaptiveLimiter" name="test_singleton" time="0.001" /><testcase classname="backend.tests.test_alert_notifier.TestAlertNotifierHandleAlert" name="test_handle_alert_increments_count" time="0.006" /><testcase classname="backend.tests.test_alert_notifier.TestAlertNotifierHandleAlert" name="test_handle_alert_publishes_event" time="0.004" /><testcase classname="backend.tests.test_alert_notifier.TestAlertNotifierHandleAlertEvent" name="test_handle_alert_event_increments_count" time="0.004" /><testcase classname="backend.tests.test_alert_notifier.TestAlertNotifierHandleAlertEvent" name="test_handle_critical_event_uses_critical_log" time="0.007" /><testcase classname="backend.tests.test_alert_notifier.TestConvenienceMethods" name="test_send_info" time="0.004" /><testcase classname="backend.tests.test_alert_notifier.TestConvenienceMethods" name="test_send_warning" time="0.004" /><testcase classname="backend.tests.test_alert_notifier.TestConvenienceMethods" name="test_send_critical" time="0.005" /><testcase classname="backend.tests.test_alert_notifier.TestPublishEvent" name="test_publish_event_calls_event_bus" time="0.005" /><testcase classname="backend.tests.test_alert_notifier.TestPublishEvent" name="test_publish_event_exception_does_not_raise" time="0.006" /><testcase classname="backend.tests.test_alert_notifier.TestGetStatus" name="test_initial_status" time="0.001" /><testcase classname="backend.tests.test_alert_notifier.TestAlertNotifierSingleton" name="test_singleton" time="0.002" /><testcase classname="backend.tests.test_alert_notifier.TestAlertNotifierSingleton" name="test_reset_creates_new" time="0.002" /><testcase classname="backend.tests.test_audit_logger.TestAuditAction" name="test_action_values" time="0.001" /><testcase classname="backend.tests.test_audit_logger.TestAuditAction" name="test_action_is_string_enum" time="0.001" /><testcase classname="backend.tests.test_audit_logger.TestAuditLogger" name="test_init_default_buffer_size" time="0.001" /><testcase classname="backend.tests.test_audit_logger.TestAuditLogger" name="test_init_custom_buffer_size" time="0.001" /><testcase classname="backend.tests.test_audit_logger.TestAuditLogger" name="test_log_adds_to_buffer" time="0.004" /><testcase classname="backend.tests.test_audit_logger.TestAuditLogger" name="test_log_with_details" time="0.003" /><testcase classname="backend.tests.test_audit_logger.TestAuditLogger" name="test_log_with_ip_and_user_agent" time="0.003" /><testcase classname="backend.tests.test_audit_logger.TestAuditLogger" name="test_log_flushes_when_buffer_full" time="0.003" /><testcase classname="backend.tests.test_audit_logger.TestAuditLogger" name="test_flush_clears_buffer" time="0.025" /><testcase classname="backend.tests.test_audit_logger.TestAuditLogger" name="test_flush_noop_when_empty" time="0.003" /><testcase classname="backend.tests.test_audit_logger.TestAuditLogger" name="test_query_calls_flush_first" time="0.007" /><testcase classname="backend.tests.test_audit_logger.TestAuditLogger" name="test_export_json_format" time="0.004" /><testcase classname="backend.tests.test_audit_logger.TestAuditLogger" name="test_export_csv_format" time="0.004" /><testcase classname="backend.tests.test_audit_logger.TestAuditLogger" name="test_export_csv_empty" time="0.005" /><testcase classname="backend.tests.test_audit_logger.TestAuditLogger" name="test_to_dict" time="0.001" /><testcase classname="backend.tests.test_audit_logger.TestGetAuditLogger" name="test_returns_same_instance" time="0.001" /><testcase classname="backend.tests.test_audit_logger.TestGetAuditLogger" name="test_returns_audit_logger_instance" time="0.001" /><testcase classname="backend.tests.test_audit_logger.TestAuditLogDecorator" name="test_decorator_records_log" time="0.004" /><testcase classname="backend.tests.test_audit_logger.TestAuditLogDecorator" name="test_decorator_preserves_function_name" time="0.004" /><testcase classname="backend.tests.test_auto_recovery.TestRecoveryAttempt" name="test_to_dict" time="0.001" /><testcase classname="backend.tests.test_auto_recovery.TestRecoveryAttempt" name="test_to_dict_with_error" time="0.001" /><testcase classname="backend.tests.test_auto_recovery.TestRecoveryResult" name="test_all_succeeded_true" time="0.001" /><testcase classname="backend.tests.test_auto_recovery.TestRecoveryResult" name="test_all_succeeded_false" time="0.001" /><testcase classname="backend.tests.test_auto_recovery.TestRecoveryResult" name="test_empty_is_success" time="0.001" /><testcase classname="backend.tests.test_auto_recovery.TestRecoveryResult" name="test_to_dict" time="0.002" /><testcase classname="backend.tests.test_auto_recovery.TestAutoRecovery" name="test_no_action_for_unregistered" time="0.003" /><testcase classname="backend.tests.test_auto_recovery.TestAutoRecovery" name="test_success_on_first_try" time="0.003" /><testcase classname="backend.tests.test_auto_recovery.TestAutoRecovery" name="test_failure_increments_retry" time="0.003" /><testcase classname="backend.tests.test_auto_recovery.TestAutoRecovery" name="test_max_retries_skips" time="0.028" /><testcase classname="backend.tests.test_auto_recovery.TestAutoRecovery" name="test_cooldown_skips" time="0.003" /><testcase classname="backend.tests.test_auto_recovery.TestAutoRecovery" name="test_success_resets_retry_count" time="0.041" /><testcase classname="backend.tests.test_auto_recovery.TestAutoRecovery" name="test_attempt_many_parallel" time="0.003" /><testcase classname="backend.tests.test_auto_recovery.TestAutoRecovery" name="test_attempt_many_empty" time="0.003" /><testcase classname="backend.tests.test_auto_recovery.TestAutoRecovery" name="test_attempt_many_partial_failure" time="0.004" /><testcase classname="backend.tests.test_auto_recovery.TestAutoRecovery" name="test_handle_unhealthy" time="0.003" /><testcase classname="backend.tests.test_auto_recovery.TestAutoRecovery" name="test_handle_unhealthy_no_registered" time="0.003" /><testcase classname="backend.tests.test_auto_recovery.TestAutoRecovery" name="test_history_recorded" time="0.003" /><testcase classname="backend.tests.test_auto_recovery.TestAutoRecovery" name="test_get_service_history" time="0.003" /><testcase classname="backend.tests.test_auto_recovery.TestAutoRecovery" name="test_reset_retry_count" time="0.001" /><testcase classname="backend.tests.test_auto_recovery.TestAutoRecovery" name="test_reset_all" time="0.001" /><testcase classname="backend.tests.test_auto_recovery.TestAutoRecovery" name="test_unregister" time="0.001" /><testcase classname="backend.tests.test_auto_recovery.TestExponentialBackoff" name="test_delay_increases" time="0.116" /><testcase classname="backend.tests.test_backup" name="test_create_backup_default_name" time="0.037" /><testcase classname="backend.tests.test_backup" name="test_create_backup_custom_name" time="0.027" /><testcase classname="backend.tests.test_backup" name="test_create_backup_creates_files" time="0.027" /><testcase classname="backend.tests.test_backup" name="test_create_backup_metadata_content" time="0.029" /><testcase classname="backend.tests.test_backup" name="test_create_backup_checksum_is_stable" time="0.045" /><testcase classname="backend.tests.test_backup" name="test_restore_backup" time="0.042" /><testcase classname="backend.tests.test_backup" name="test_restore_nonexistent_backup" time="0.015" /><testcase classname="backend.tests.test_backup" name="test_restore_detects_corruption" time="0.035" /><testcase classname="backend.tests.test_backup" name="test_list_backups_empty" time="0.014" /><testcase classname="backend.tests.test_backup" name="test_list_backups_sorted" time="0.059" /><testcase classname="backend.tests.test_backup" name="test_cleanup_old_backups" time="0.090" /><testcase classname="backend.tests.test_backup" name="test_cleanup_nothing_to_remove" time="0.030" /><testcase classname="backend.tests.test_backup" name="test_delete_backup" time="0.028" /><testcase classname="backend.tests.test_backup" name="test_delete_nonexistent" time="0.014" /><testcase classname="backend.tests.test_backup" name="test_backup_includes_config" time="0.043" /><testcase classname="backend.tests.test_backup" name="test_get_backup_singleton" time="0.001" /><testcase classname="backend.tests.test_circuit_breaker.TestCircuitState" name="test_initial_state_is_closed" time="0.001" /><testcase classname="backend.tests.test_circuit_breaker.TestCircuitState" name="test_stays_closed_below_threshold" time="0.001" /><testcase classname="backend.tests.test_circuit_breaker.TestCircuitState" name="test_opens_at_threshold" time="0.002" /><testcase classname="backend.tests.test_circuit_breaker.TestCircuitState" name="test_open_to_half_open_after_timeout" time="0.153" /><testcase classname="backend.tests.test_circuit_breaker.TestCircuitState" name="test_half_open_success_closes" time="0.023" /><testcase classname="backend.tests.test_circuit_breaker.TestCircuitState" name="test_half_open_failure_reopens" time="0.022" /><testcase classname="backend.tests.test_circuit_breaker.TestCircuitState" name="test_success_resets_failure_count" time="0.001" /><testcase classname="backend.tests.test_circuit_breaker.TestCircuitBreakerDecorator" name="test_passes_through_when_closed" time="0.108" /><testcase classname="backend.tests.test_circuit_breaker.TestCircuitBreakerDecorator" name="test_records_failure_on_exception" time="0.004" /><testcase classname="backend.tests.test_circuit_breaker.TestCircuitBreakerDecorator" name="test_rejects_when_open" time="0.004" /><testcase classname="backend.tests.test_circuit_breaker.TestCircuitBreakerDecorator" name="test_only_catches_expected_exceptions" time="0.003" /><testcase classname="backend.tests.test_circuit_breaker.TestCircuitBreakerDecorator" name="test_sync_function_support" time="0.002" /><testcase classname="backend.tests.test_circuit_breaker.TestCircuitBreakerManualControl" name="test_reset" time="0.002" /><testcase classname="backend.tests.test_circuit_breaker.TestCircuitBreakerManualControl" name="test_trip" time="0.001" /><testcase classname="backend.tests.test_circuit_breaker.TestCircuitBreakerManualControl" name="test_reject_if_open" time="0.001" /><testcase classname="backend.tests.test_circuit_breaker.TestCircuitBreakerManualControl" name="test_reject_if_open_noop_when_closed" time="0.001" /><testcase classname="backend.tests.test_circuit_breaker.TestCircuitBreakerMetrics" name="test_tracks_counts" time="0.001" /><testcase classname="backend.tests.test_circuit_breaker.TestCircuitBreakerMetrics" name="test_tracks_rejected" time="0.002" /><testcase classname="backend.tests.test_code_generator.TestHelpers" name="test_capitalize_snake_case" time="0.001" /><testcase classname="backend.tests.test_code_generator.TestHelpers" name="test_capitalize_kebab_case" time="0.001" /><testcase classname="backend.tests.test_code_generator.TestHelpers" name="test_capitalize_single_word" time="0.001" /><testcase classname="backend.tests.test_code_generator.TestHelpers" name="test_resolve_type_known" time="0.001" /><testcase classname="backend.tests.test_code_generator.TestHelpers" name="test_resolve_type_unknown" time="0.001" /><testcase classname="backend.tests.test_code_generator.TestGenerateApiEndpoint" name="test_contains_router_definition" time="0.001" /><testcase classname="backend.tests.test_code_generator.TestGenerateApiEndpoint" name="test_contains_crud_endpoints" time="0.002" /><testcase classname="backend.tests.test_code_generator.TestGenerateApiEndpoint" name="test_contains_request_models" time="0.002" /><testcase classname="backend.tests.test_code_generator.TestGenerateApiEndpoint" name="test_optional_field_handling" time="0.001" /><testcase classname="backend.tests.test_code_generator.TestGenerateApiEndpoint" name="test_custom_prefix" time="0.001" /><testcase classname="backend.tests.test_code_generator.TestGenerateApiEndpoint" name="test_custom_tag" time="0.001" /><testcase classname="backend.tests.test_code_generator.TestGenerateModel" name="test_contains_model_class" time="0.001" /><testcase classname="backend.tests.test_code_generator.TestGenerateModel" name="test_contains_id_field" time="0.002" /><testcase classname="backend.tests.test_code_generator.TestGenerateModel" name="test_contains_timestamps_by_default" time="0.001" /><testcase classname="backend.tests.test_code_generator.TestGenerateModel" name="test_exclude_timestamps" time="0.001" /><testcase classname="backend.tests.test_code_generator.TestGenerateModel" name="test_custom_description" time="0.001" /><testcase classname="backend.tests.test_code_generator.TestGenerateService" name="test_contains_service_class" time="0.001" /><testcase classname="backend.tests.test_code_generator.TestGenerateService" name="test_contains_crud_methods" time="0.002" /><testcase classname="backend.tests.test_code_generator.TestGenerateService" name="test_contains_singleton_getter" time="0.002" /><testcase classname="backend.tests.test_code_generator.TestGenerateService" name="test_database_mode" time="0.002" /><testcase classname="backend.tests.test_code_generator.TestGenerateService" name="test_non_database_mode" time="0.001" /><testcase classname="backend.tests.test_code_generator.TestGenerateTest" name="test_contains_test_class" time="0.001" /><testcase classname="backend.tests.test_code_generator.TestGenerateTest" name="test_contains_crud_tests" time="0.001" /><testcase classname="backend.tests.test_code_generator.TestSaveFile" name="test_save_creates_file" time="0.009" /><testcase classname="backend.tests.test_code_generator.TestSaveFile" name="test_save_creates_parent_dirs" time="0.008" /><testcase classname="backend.tests.test_code_generator.TestSaveFile" name="test_save_returns_absolute_path" time="0.007" /><testcase classname="backend.tests.test_code_generator.TestGenerateFull" name="test_returns_four_keys" time="0.002" /><testcase classname="backend.tests.test_code_generator.TestGenerateFull" name="test_save_creates_all_files" time="0.014" /><testcase classname="backend.tests.test_code_generator.TestCLI" name="test_main_with_save" time="0.016" /><testcase classname="backend.tests.test_deep_check.TestAggregatedStatus" name="test_values" time="0.001" /><testcase classname="backend.tests.test_deep_check.TestCheckDiskSpace" name="test_healthy_when_below_90" time="0.004" /><testcase classname="backend.tests.test_deep_check.TestCheckDiskSpace" name="test_degraded_when_90_to_95" time="0.003" /><testcase classname="backend.tests.test_deep_check.TestCheckDiskSpace" name="test_unhealthy_when_above_95" time="0.004" /><testcase classname="backend.tests.test_deep_check.TestCheckDiskSpace" name="test_graceful_when_psutil_missing" time="0.004" /><testcase classname="backend.tests.test_deep_check.TestCheckDiskSpace" name="test_error_on_exception" time="0.004" /><testcase classname="backend.tests.test_deep_check.TestCheckMemory" name="test_healthy_when_below_85" time="0.004" /><testcase classname="backend.tests.test_deep_check.TestCheckMemory" name="test_degraded_when_85_to_95" time="0.003" /><testcase classname="backend.tests.test_deep_check.TestCheckMemory" name="test_unhealthy_when_above_95" time="0.004" /><testcase classname="backend.tests.test_deep_check.TestCheckMemory" name="test_graceful_when_psutil_missing" time="0.004" /><testcase classname="backend.tests.test_deep_check.TestCheckMemory" name="test_error_on_exception" time="0.003" /><testcase classname="backend.tests.test_deep_check.TestDeepHealthCheck" name="test_all_healthy" time="0.004" /><testcase classname="backend.tests.test_deep_check.TestDeepHealthCheck" name="test_critical_failure_makes_unhealthy" time="0.003" /><testcase classname="backend.tests.test_deep_check.TestDeepHealthCheck" name="test_non_critical_failure_makes_degraded" time="0.003" /><testcase classname="backend.tests.test_deep_check.TestDeepHealthCheck" name="test_degraded_resource_makes_degraded" time="0.004" /><testcase classname="backend.tests.test_deep_check.TestDeepHealthCheck" name="test_critical_only_mode" time="0.005" /><testcase classname="backend.tests.test_deep_check.TestDeepHealthCheck" name="test_full_mode_registers_all" time="0.003" /><testcase classname="backend.tests.test_deep_check.TestDeepHealthCheck" name="test_register_custom_check" time="0.004" /><testcase classname="backend.tests.test_deep_check.TestDeepHealthCheck" name="test_run_returns_expected_keys" time="4.123" /><testcase classname="backend.tests.test_deep_check.TestDeepHealthCheck" name="test_check_detail_has_critical_flag" time="4.103" /><testcase classname="backend.tests.test_deep_check.TestDeepHealthCheck" name="test_empty_checks_returns_healthy" time="0.004" /><testcase classname="backend.tests.test_deep_check.TestRunDeepCheck" name="test_convenience_function" time="4.098" /><testcase classname="backend.tests.test_errors.TestErrorCode" name="test_error_code_values_unique" time="0.001" /><testcase classname="backend.tests.test_errors.TestErrorCode" name="test_error_code_ranges" time="0.001" /><testcase classname="backend.tests.test_errors.TestCityFlowException" name="test_basic_creation" time="0.001" /><testcase classname="backend.tests.test_errors.TestCityFlowException" name="test_with_details" time="0.001" /><testcase classname="backend.tests.test_errors.TestCityFlowException" name="test_custom_status_code" time="0.001" /><testcase classname="backend.tests.test_errors.TestCityFlowException" name="test_to_dict_basic" time="0.001" /><testcase classname="backend.tests.test_errors.TestCityFlowException" name="test_to_dict_with_details" time="0.001" /><testcase classname="backend.tests.test_errors.TestCityFlowException" name="test_is_exception" time="0.001" /><testcase classname="backend.tests.test_errors.TestCityFlowException" name="test_str_representation" time="0.001" /><testcase classname="backend.tests.test_errors.TestExceptionSubclasses" name="test_intent_parse_error" time="0.001" /><testcase classname="backend.tests.test_errors.TestExceptionSubclasses" name="test_no_pois_found_error" time="0.001" /><testcase classname="backend.tests.test_errors.TestExceptionSubclasses" name="test_route_solving_error" time="0.001" /><testcase classname="backend.tests.test_errors.TestExceptionSubclasses" name="test_narrative_generation_error" time="0.001" /><testcase classname="backend.tests.test_errors.TestExceptionSubclasses" name="test_dialogue_error" time="0.002" /><testcase classname="backend.tests.test_errors.TestExceptionSubclasses" name="test_llm_service_error" time="0.001" /><testcase classname="backend.tests.test_errors.TestExceptionSubclasses" name="test_rate_limit_error" time="0.001" /><testcase classname="backend.tests.test_errors.TestExceptionSubclasses" name="test_custom_message" time="0.001" /><testcase classname="backend.tests.test_errors.TestExceptionSubclasses" name="test_custom_details" time="0.001" /><testcase classname="backend.tests.test_errors.TestGlobalErrorHandlers" name="test_cityflow_exception_returns_json" time="0.032" /><testcase classname="backend.tests.test_errors.TestGlobalErrorHandlers" name="test_intent_parse_error_status" time="0.009" /><testcase classname="backend.tests.test_errors.TestGlobalErrorHandlers" name="test_llm_service_error_status" time="0.008" /><testcase classname="backend.tests.test_errors.TestGlobalErrorHandlers" name="test_dialogue_error_status" time="0.008" /><testcase classname="backend.tests.test_errors.TestGlobalErrorHandlers" name="test_no_pois_error_status" time="0.008" /><testcase classname="backend.tests.test_errors.TestGlobalErrorHandlers" name="test_rate_limit_error_status" time="0.009" /><testcase classname="backend.tests.test_errors.TestGlobalErrorHandlers" name="test_generic_error_returns_500" time="0.015" /><testcase classname="backend.tests.test_errors.TestGlobalErrorHandlers" name="test_error_response_format_consistency" time="0.037" /><testcase classname="backend.tests.test_errors.TestHandleErrorsDecorator" name="test_passes_through_cityflow_exception" time="0.006" /><testcase classname="backend.tests.test_errors.TestHandleErrorsDecorator" name="test_wraps_generic_exception" time="0.004" /><testcase classname="backend.tests.test_errors.TestHandleErrorsDecorator" name="test_success_passes_through" time="0.003" /><testcase classname="backend.tests.test_errors.TestHandleLLMErrorsDecorator" name="test_timeout_error" time="0.004" /><testcase classname="backend.tests.test_errors.TestHandleLLMErrorsDecorator" name="test_generic_error" time="0.004" /><testcase classname="backend.tests.test_errors.TestHandleLLMErrorsDecorator" name="test_passes_through_cityflow_exception" time="0.003" /><testcase classname="backend.tests.test_errors.TestHandleLLMErrorsDecorator" name="test_success_passes_through" time="0.003" /><testcase classname="backend.tests.test_fallback.TestFallbackDecorator" name="test_no_fallback_on_success" time="0.004" /><testcase classname="backend.tests.test_fallback.TestFallbackDecorator" name="test_fallback_on_exception" time="0.003" /><testcase classname="backend.tests.test_fallback.TestFallbackDecorator" name="test_only_catches_specified_exceptions" time="0.003" /><testcase classname="backend.tests.test_fallback.TestFallbackDecorator" name="test_fallback_receives_original_args" time="0.004" /><testcase classname="backend.tests.test_fallback.TestFallbackDecorator" name="test_fallback_failure_raises" time="0.004" /><testcase classname="backend.tests.test_fallback.TestFallbackDecorator" name="test_sync_function_support" time="0.001" /><testcase classname="backend.tests.test_fallback.TestPredefinedFallbacks" name="test_fallback_route_planning_shape" time="0.003" /><testcase classname="backend.tests.test_fallback.TestPredefinedFallbacks" name="test_fallback_poi_search_shape" time="0.003" /><testcase classname="backend.tests.test_fallback.TestPredefinedFallbacks" name="test_fallback_narrative_generation_shape" time="0.003" /><testcase classname="backend.tests.test_fallback.TestPredefinedFallbacks" name="test_fallback_llm_chat_returns_string" time="0.003" /><testcase classname="backend.tests.test_fallback.TestPredefinedFallbacks" name="test_fallback_emotion_analysis_shape" time="0.003" /><testcase classname="backend.tests.test_fault_detector.TestFaultLevel" name="test_levels_exist" time="0.001" /><testcase classname="backend.tests.test_fault_detector.TestFaultEvent" name="test_to_dict" time="0.001" /><testcase classname="backend.tests.test_fault_detector.TestFaultDetector" name="test_initial_state_healthy" time="0.001" /><testcase classname="backend.tests.test_fault_detector.TestFaultDetector" name="test_record_failure_increments_count" time="0.001" /><testcase classname="backend.tests.test_fault_detector.TestFaultDetector" name="test_warning_at_half_threshold" time="0.002" /><testcase classname="backend.tests.test_fault_detector.TestFaultDetector" name="test_critical_at_eighty_percent" time="0.002" /><testcase classname="backend.tests.test_fault_detector.TestFaultDetector" name="test_faulty_at_threshold" time="0.002" /><testcase classname="backend.tests.test_fault_detector.TestFaultDetector" name="test_record_success_resets_count" time="0.001" /><testcase classname="backend.tests.test_fault_detector.TestFaultDetector" name="test_window_expiration" time="0.152" /><testcase classname="backend.tests.test_fault_detector.TestFaultDetector" name="test_different_services_independent" time="0.001" /><testcase classname="backend.tests.test_fault_detector.TestFaultDetector" name="test_events_recorded_on_level_change" time="0.001" /><testcase classname="backend.tests.test_fault_detector.TestFaultDetector" name="test_no_duplicate_events_same_level" time="0.001" /><testcase classname="backend.tests.test_fault_detector.TestFaultDetector" name="test_reset_single_service" time="0.002" /><testcase classname="backend.tests.test_fault_detector.TestFaultDetector" name="test_reset_all" time="0.001" /><testcase classname="backend.tests.test_fault_detector.TestFaultDetector" name="test_get_all_statuses" time="0.001" /><testcase classname="backend.tests.test_fault_detector.TestFaultDetector" name="test_threshold_setter_validation" time="0.002" /><testcase classname="backend.tests.test_fault_detector.TestFaultDetector" name="test_window_sec_setter_validation" time="0.001" /><testcase classname="backend.tests.test_fault_detector.TestFaultDetector" name="test_events_history" time="0.002" /><testcase classname="backend.tests.test_fault_detector.TestGetFaultDetector" name="test_singleton" time="0.002" /><testcase classname="backend.tests.test_health_checker.TestCheckResult" name="test_to_dict" time="0.001" /><testcase classname="backend.tests.test_health_checker.TestCheckResult" name="test_to_dict_with_error" time="0.001" /><testcase classname="backend.tests.test_health_checker.TestCheckResult" name="test_to_dict_excludes_none_fields" time="0.001" /><testcase classname="backend.tests.test_health_checker.TestHealthReport" name="test_overall_healthy_when_all_ok" time="0.001" /><testcase classname="backend.tests.test_health_checker.TestHealthReport" name="test_overall_degraded" time="0.001" /><testcase classname="backend.tests.test_health_checker.TestHealthReport" name="test_overall_unhealthy_on_error" time="0.001" /><testcase classname="backend.tests.test_health_checker.TestHealthReport" name="test_overall_unhealthy_on_unhealthy" time="0.001" /><testcase classname="backend.tests.test_health_checker.TestHealthReport" name="test_overall_healthy_when_empty" time="0.001" /><testcase classname="backend.tests.test_health_checker.TestHealthReport" name="test_unhealthy_names" time="0.001" /><testcase classname="backend.tests.test_health_checker.TestHealthReport" name="test_to_dict" time="0.001" /><testcase classname="backend.tests.test_health_checker.TestHealthChecker" name="test_run_all_empty" time="0.003" /><testcase classname="backend.tests.test_health_checker.TestHealthChecker" name="test_run_check_registered" time="0.005" /><testcase classname="backend.tests.test_health_checker.TestHealthChecker" name="test_run_check_unregistered" time="0.004" /><testcase classname="backend.tests.test_health_checker.TestHealthChecker" name="test_run_check_returns_false" time="0.003" /><testcase classname="backend.tests.test_health_checker.TestHealthChecker" name="test_run_check_exception" time="0.006" /><testcase classname="backend.tests.test_health_checker.TestHealthChecker" name="test_run_check_returns_check_result" time="0.003" /><testcase classname="backend.tests.test_health_checker.TestHealthChecker" name="test_run_all_aggregates" time="0.004" /><testcase classname="backend.tests.test_health_checker.TestHealthChecker" name="test_history_recorded" time="0.004" /><testcase classname="backend.tests.test_health_checker.TestHealthChecker" name="test_history_size_limit" time="0.003" /><testcase classname="backend.tests.test_health_checker.TestHealthChecker" name="test_unregister" time="0.003" /><testcase classname="backend.tests.test_health_checker.TestHealthChecker" name="test_on_unhealthy_callback" time="0.003" /><testcase classname="backend.tests.test_health_checker.TestHealthChecker" name="test_on_unhealthy_not_called_when_healthy" time="0.004" /><testcase classname="backend.tests.test_health_checker.TestHealthChecker" name="test_start_stop" time="2.514" /><testcase classname="backend.tests.test_health_checker.TestHealthChecker" name="test_start_idempotent" time="0.509" /><testcase classname="backend.tests.test_i18n.TestTranslate" name="test_simple_key" time="0.024" /><testcase classname="backend.tests.test_i18n.TestTranslate" name="test_nested_key" time="0.012" /><testcase classname="backend.tests.test_i18n.TestTranslate" name="test_missing_key_returns_key" time="0.008" /><testcase classname="backend.tests.test_i18n.TestTranslate" name="test_intermediate_key_returns_key" time="0.008" /><testcase classname="backend.tests.test_i18n.TestTranslate" name="test_format_params" time="0.008" /><testcase classname="backend.tests.test_i18n.TestTranslate" name="test_format_missing_param_returns_template" time="0.010" /><testcase classname="backend.tests.test_i18n.TestLocaleSwitching" name="test_default_locale" time="0.010" /><testcase classname="backend.tests.test_i18n.TestLocaleSwitching" name="test_switch_to_en" time="0.009" /><testcase classname="backend.tests.test_i18n.TestLocaleSwitching" name="test_switch_back" time="0.009" /><testcase classname="backend.tests.test_i18n.TestLocaleSwitching" name="test_invalid_locale_raises" time="0.010" /><testcase classname="backend.tests.test_i18n.TestLocaleSwitching" name="test_get_available_locales" time="0.010" /><testcase classname="backend.tests.test_i18n.TestEdgeCases" name="test_empty_locale_dir" time="0.006" /><testcase classname="backend.tests.test_i18n.TestEdgeCases" name="test_nonexistent_locale_dir" time="0.005" /><testcase classname="backend.tests.test_i18n.TestEdgeCases" name="test_malformed_json_skipped" time="0.009" /><testcase classname="backend.tests.test_i18n.TestGlobalShortcut" name="test_t_function" time="0.009" /><testcase classname="backend.tests.test_ip_rate_limiter.TestIPRateLimitResult" name="test_to_headers_basic" time="0.001" /><testcase classname="backend.tests.test_ip_rate_limiter.TestIPRateLimitResult" name="test_to_headers_with_ban" time="0.001" /><testcase classname="backend.tests.test_ip_rate_limiter.TestLocalIPRateLimiter" name="test_allows_first_request" time="0.003" /><testcase classname="backend.tests.test_ip_rate_limiter.TestLocalIPRateLimiter" name="test_blocks_after_limit" time="0.003" /><testcase classname="backend.tests.test_ip_rate_limiter.TestLocalIPRateLimiter" name="test_ban_and_unban" time="0.004" /><testcase classname="backend.tests.test_ip_rate_limiter.TestLocalIPRateLimiter" name="test_ban_expires" time="1.109" /><testcase classname="backend.tests.test_ip_rate_limiter.TestLocalIPRateLimiter" name="test_track_endpoint_detects_suspicious" time="0.004" /><testcase classname="backend.tests.test_ip_rate_limiter.TestLocalIPRateLimiter" name="test_different_keys_independent" time="0.004" /><testcase classname="backend.tests.test_ip_rate_limiter.TestIPRateLimiterLocal" name="test_backend_type_is_local" time="0.003" /><testcase classname="backend.tests.test_ip_rate_limiter.TestIPRateLimiterLocal" name="test_check_allows_within_limit" time="0.004" /><testcase classname="backend.tests.test_ip_rate_limiter.TestIPRateLimiterLocal" name="test_check_blocks_after_endpoint_limit" time="0.003" /><testcase classname="backend.tests.test_ip_rate_limiter.TestIPRateLimiterLocal" name="test_check_blocks_after_global_limit" time="0.003" /><testcase classname="backend.tests.test_ip_rate_limiter.TestIPRateLimiterLocal" name="test_manual_ban_blocks_requests" time="0.003" /><testcase classname="backend.tests.test_ip_rate_limiter.TestIPRateLimiterLocal" name="test_manual_unban_restores_access" time="0.004" /><testcase classname="backend.tests.test_ip_rate_limiter.TestIPRateLimiterLocal" name="test_is_banned" time="0.004" /><testcase classname="backend.tests.test_ip_rate_limiter.TestIPRateLimiterLocal" name="test_custom_limit_override" time="0.003" /><testcase classname="backend.tests.test_ip_rate_limiter.TestIPRateLimiterLocal" name="test_suspicious_flag_on_result" time="0.005" /><testcase classname="backend.tests.test_ip_rate_limiter.TestIPRateLimiterLocal" name="test_result_fields" time="0.003" /><testcase classname="backend.tests.test_ip_rate_limiter.TestIPRateLimitExceededError" name="test_default_message" time="0.001" /><testcase classname="backend.tests.test_ip_rate_limiter.TestIPRateLimitExceededError" name="test_custom_details" time="0.001" /><testcase classname="backend.tests.test_locale_middleware.TestParseLocale" name="test_empty_string" time="0.001" /><testcase classname="backend.tests.test_locale_middleware.TestParseLocale" name="test_simple_en" time="0.002" /><testcase classname="backend.tests.test_locale_middleware.TestParseLocale" name="test_simple_zh" time="0.001" /><testcase classname="backend.tests.test_locale_middleware.TestParseLocale" name="test_en_us_full" time="0.001" /><testcase classname="backend.tests.test_locale_middleware.TestParseLocale" name="test_zh_cn_full" time="0.001" /><testcase classname="backend.tests.test_locale_middleware.TestParseLocale" name="test_en_gb" time="0.001" /><testcase classname="backend.tests.test_locale_middleware.TestParseLocale" name="test_zh_tw" time="0.001" /><testcase classname="backend.tests.test_locale_middleware.TestParseLocale" name="test_zh_hk" time="0.001" /><testcase classname="backend.tests.test_locale_middleware.TestParseLocale" name="test_quality_values" time="0.001" /><testcase classname="backend.tests.test_locale_middleware.TestParseLocale" name="test_quality_values_en_first" time="0.001" /><testcase classname="backend.tests.test_locale_middleware.TestParseLocale" name="test_multiple_with_defaults" time="0.001" /><testcase classname="backend.tests.test_locale_middleware.TestParseLocale" name="test_unknown_locale_fallback" time="0.001" /><testcase classname="backend.tests.test_locale_middleware.TestParseLocale" name="test_prefix_matching" time="0.001" /><testcase classname="backend.tests.test_locale_middleware.TestLocaleMiddlewareIntegration" name="test_default_locale_is_zh_cn" time="0.015" /><testcase classname="backend.tests.test_locale_middleware.TestLocaleMiddlewareIntegration" name="test_accept_language_en" time="0.011" /><testcase classname="backend.tests.test_locale_middleware.TestLocaleMiddlewareIntegration" name="test_accept_language_zh" time="0.010" /><testcase classname="backend.tests.test_locale_middleware.TestLocaleMiddlewareIntegration" name="test_content_language_header_present" time="0.008" /><testcase classname="backend.tests.test_locale_middleware.TestLocaleMiddlewareIntegration" name="test_unsupported_locale_falls_back" time="0.009" /><testcase classname="backend.tests.test_locale_middleware.TestLocaleMiddlewareIntegration" name="test_en_gb_falls_back" time="0.008" /><testcase classname="backend.tests.test_localized_response.TestSuccess" name="test_default_message" time="0.001" /><testcase classname="backend.tests.test_localized_response.TestSuccess" name="test_custom_key" time="0.001" /><testcase classname="backend.tests.test_localized_response.TestSuccess" name="test_en_locale" time="0.001" /><testcase classname="backend.tests.test_localized_response.TestError" name="test_default_message" time="0.001" /><testcase classname="backend.tests.test_localized_response.TestError" name="test_custom_key" time="0.001" /><testcase classname="backend.tests.test_localized_response.TestError" name="test_en_locale" time="0.002" /><testcase classname="backend.tests.test_localized_response.TestData" name="test_basic_data" time="0.002" /><testcase classname="backend.tests.test_localized_response.TestData" name="test_list_data" time="0.001" /><testcase classname="backend.tests.test_localized_response.TestData" name="test_none_data" time="0.001" /><testcase classname="backend.tests.test_localized_response.TestData" name="test_en_locale" time="0.001" /><testcase classname="backend.tests.test_localized_response.TestPaginated" name="test_basic_paginated" time="0.001" /><testcase classname="backend.tests.test_localized_response.TestPaginated" name="test_exact_page_count" time="0.001" /><testcase classname="backend.tests.test_localized_response.TestPaginated" name="test_single_page" time="0.002" /><testcase classname="backend.tests.test_localized_response.TestPaginated" name="test_zero_total" time="0.001" /><testcase classname="backend.tests.test_localized_response.TestPaginated" name="test_en_locale" time="0.001" /><testcase classname="backend.tests.test_monitoring.TestMetrics" name="test_track_request_increments_counters" time="0.001" /><testcase classname="backend.tests.test_monitoring.TestMetrics" name="test_track_request_converts_status_to_str" time="0.001" /><testcase classname="backend.tests.test_monitoring.TestMetrics" name="test_track_route_planning_increments" time="0.001" /><testcase classname="backend.tests.test_monitoring.TestMetrics" name="test_get_metrics_returns_bytes" time="0.004" /><testcase classname="backend.tests.test_monitoring.TestMetrics" name="test_active_sessions_gauge" time="0.001" /><testcase classname="backend.tests.test_monitoring.TestMetrics" name="test_histogram_buckets_cover_fast_and_slow" time="0.001" /><testcase classname="backend.tests.test_monitoring.TestPrometheusMetrics" name="test_track_cache_hit" time="0.001" /><testcase classname="backend.tests.test_monitoring.TestPrometheusMetrics" name="test_track_cache_miss" time="0.001" /><testcase classname="backend.tests.test_monitoring.TestPrometheusMetrics" name="test_track_cache_eviction" time="0.001" /><testcase classname="backend.tests.test_monitoring.TestPrometheusMetrics" name="test_update_cache_size" time="0.001" /><testcase classname="backend.tests.test_monitoring.TestPrometheusMetrics" name="test_track_ws_connect_disconnect" time="0.002" /><testcase classname="backend.tests.test_monitoring.TestPrometheusMetrics" name="test_track_ws_message" time="0.001" /><testcase classname="backend.tests.test_monitoring.TestPrometheusMetrics" name="test_track_ws_error" time="0.001" /><testcase classname="backend.tests.test_monitoring.TestPrometheusMetrics" name="test_update_circuit_breaker_state" time="0.001" /><testcase classname="backend.tests.test_monitoring.TestPrometheusMetrics" name="test_track_circuit_breaker_rejection" time="0.001" /><testcase classname="backend.tests.test_monitoring.TestPrometheusMetrics" name="test_track_llm_call" time="0.002" /><testcase classname="backend.tests.test_monitoring.TestPrometheusMetrics" name="test_track_poi_query" time="0.001" /><testcase classname="backend.tests.test_monitoring.TestPrometheusMetrics" name="test_track_dialogue" time="0.002" /><testcase classname="backend.tests.test_monitoring.TestPrometheusMetrics" name="test_track_task" time="0.001" /><testcase classname="backend.tests.test_monitoring.TestPrometheusMetrics" name="test_update_task_queue_size" time="0.001" /><testcase classname="backend.tests.test_monitoring.TestPrometheusMetrics" name="test_update_system_resources" time="0.001" /><testcase classname="backend.tests.test_monitoring.TestPrometheusMetrics" name="test_track_request_size" time="0.001" /><testcase classname="backend.tests.test_monitoring.TestPrometheusMetrics" name="test_track_response_size" time="0.001" /><testcase classname="backend.tests.test_monitoring.TestPrometheusMetrics" name="test_get_metrics_summary" time="0.001" /><testcase classname="backend.tests.test_monitoring.TestPrometheusMetrics" name="test_session_counters" time="0.001" /><testcase classname="backend.tests.test_monitoring.TestPrometheusMiddleware" name="test_excluded_paths_contain_metrics" time="0.001" /><testcase classname="backend.tests.test_monitoring.TestPrometheusMiddleware" name="test_excluded_path_skips_metrics" time="0.004" /><testcase classname="backend.tests.test_monitoring.TestPrometheusMiddleware" name="test_normal_path_records_metrics" time="0.005" /><testcase classname="backend.tests.test_monitoring.TestBeforeSend" name="test_returns_event_when_no_exc_info" time="0.001" /><testcase classname="backend.tests.test_monitoring.TestBeforeSend" name="test_filters_keyboard_interrupt" time="0.001" /><testcase classname="backend.tests.test_monitoring.TestBeforeSend" name="test_filters_system_exit" time="0.001" /><testcase classname="backend.tests.test_monitoring.TestBeforeSend" name="test_filters_cancelled_error" time="0.001" /><testcase classname="backend.tests.test_monitoring.TestBeforeSend" name="test_filters_rate_limit_message" time="0.001" /><testcase classname="backend.tests.test_monitoring.TestBeforeSend" name="test_filters_too_many_requests_message" time="0.001" /><testcase classname="backend.tests.test_monitoring.TestBeforeSend" name="test_filters_connection_reset_message" time="0.001" /><testcase classname="backend.tests.test_monitoring.TestBeforeSend" name="test_passes_normal_exception" time="0.001" /><testcase classname="backend.tests.test_monitoring.TestBeforeSend" name="test_sanitizes_authorization_header" time="0.001" /><testcase classname="backend.tests.test_monitoring.TestBeforeSend" name="test_sanitizes_cookie_header" time="0.001" /><testcase classname="backend.tests.test_monitoring.TestBeforeSendTransaction" name="test_filters_health_endpoint" time="0.001" /><testcase classname="backend.tests.test_monitoring.TestBeforeSendTransaction" name="test_filters_healthz_endpoint" time="0.001" /><testcase classname="backend.tests.test_monitoring.TestBeforeSendTransaction" name="test_filters_metrics_endpoint" time="0.001" /><testcase classname="backend.tests.test_monitoring.TestBeforeSendTransaction" name="test_passes_normal_endpoint" time="0.001" /><testcase classname="backend.tests.test_monitoring.TestBeforeSendTransaction" name="test_passes_empty_transaction" time="0.002" /><testcase classname="backend.tests.test_monitoring.TestInitSentry" name="test_returns_false_when_no_dsn" time="0.003" /><testcase classname="backend.tests.test_monitoring.TestInitSentry" name="test_returns_true_when_dsn_set" time="0.004" /><testcase classname="backend.tests.test_monitoring.TestInitSentry" name="test_passes_integrations" time="0.004" /><testcase classname="backend.tests.test_monitoring.TestCaptureException" name="test_calls_sdk_without_context" time="0.002" /><testcase classname="backend.tests.test_monitoring.TestCaptureException" name="test_calls_sdk_with_context" time="0.002" /><testcase classname="backend.tests.test_monitoring.TestCaptureMessage" name="test_calls_sdk" time="0.002" /><testcase classname="backend.tests.test_pool.TestPoolStats" name="test_utilization_normal" time="0.002" /><testcase classname="backend.tests.test_pool.TestPoolStats" name="test_utilization_zero_pool" time="0.001" /><testcase classname="backend.tests.test_pool.TestPoolStats" name="test_utilization_full" time="0.001" /><testcase classname="backend.tests.test_pool.TestPoolStats" name="test_utilization_with_overflow" time="0.001" /><testcase classname="backend.tests.test_pool.TestDatabasePool" name="test_initial_state" time="0.001" /><testcase classname="backend.tests.test_pool.TestDatabasePool" name="test_start_idempotent" time="0.004" /><testcase classname="backend.tests.test_pool.TestDatabasePool" name="test_close_without_start" time="0.003" /><testcase classname="backend.tests.test_pool.TestDatabasePool" name="test_close_disposes_engine" time="0.005" /><testcase classname="backend.tests.test_pool.TestDatabasePool" name="test_get_session_yields_session" time="0.005" /><testcase classname="backend.tests.test_pool.TestDatabasePool" name="test_get_session_rollback_on_error" time="0.005" /><testcase classname="backend.tests.test_pool.TestDatabasePool" name="test_ping_success" time="0.005" /><testcase classname="backend.tests.test_pool.TestDatabasePool" name="test_ping_failure" time="0.005" /><testcase classname="backend.tests.test_pool.TestDatabasePool" name="test_ping_before_start" time="0.003" /><testcase classname="backend.tests.test_pool.TestDatabasePool" name="test_get_stats" time="0.003" /><testcase classname="backend.tests.test_pool.TestDatabasePool" name="test_get_stats_dict" time="0.002" /><testcase classname="backend.tests.test_pool.TestHTTPPoolStats" name="test_create" time="0.001" /><testcase classname="backend.tests.test_pool.TestHTTPPool" name="test_initial_state" time="0.001" /><testcase classname="backend.tests.test_pool.TestHTTPPool" name="test_start_creates_client" time="0.480" /><testcase classname="backend.tests.test_pool.TestHTTPPool" name="test_start_idempotent" time="0.481" /><testcase classname="backend.tests.test_pool.TestHTTPPool" name="test_close" time="0.548" /><testcase classname="backend.tests.test_pool.TestHTTPPool" name="test_close_without_start" time="0.003" /><testcase classname="backend.tests.test_pool.TestHTTPPool" name="test_get_stats" time="0.003" /><testcase classname="backend.tests.test_pool.TestHTTPPool" name="test_get_stats_dict_closed" time="0.003" /><testcase classname="backend.tests.test_pool.TestHTTPPool" name="test_get_stats_dict_started" time="0.497" /><testcase classname="backend.tests.test_pool.TestHTTPPool" name="test_http_methods_delegate_to_client" time="0.482" /><testcase classname="backend.tests.test_pool.TestHTTPPool" name="test_request_delegates" time="0.480" /><testcase classname="backend.tests.test_pool.TestPoolMonitor" name="test_get_stats" time="0.005" /><testcase classname="backend.tests.test_pool.TestPoolMonitor" name="test_check_health_all_ok" time="2.048" /><testcase classname="backend.tests.test_pool.TestPoolMonitor" name="test_check_health_db_down" time="2.071" /><testcase classname="backend.tests.test_pool.TestPoolMonitor" name="test_check_health_high_utilization_warning" time="2.063" /><testcase classname="backend.tests.test_pool.TestPoolMonitor" name="test_report_no_warnings" time="0.003" /><testcase classname="backend.tests.test_pool.TestPoolMonitor" name="test_report_with_warning" time="0.003" /><testcase classname="backend.tests.test_pool_monitor.TestGetStats" name="test_returns_both_pools" time="0.003" /><testcase classname="backend.tests.test_pool_monitor.TestGetStats" name="test_no_pools" time="0.002" /><testcase classname="backend.tests.test_pool_monitor.TestGetStats" name="test_db_pool_error" time="0.003" /><testcase classname="backend.tests.test_pool_monitor.TestCheckAlerts" name="test_no_alerts_when_healthy" time="0.002" /><testcase classname="backend.tests.test_pool_monitor.TestCheckAlerts" name="test_db_utilization_warning" time="0.002" /><testcase classname="backend.tests.test_pool_monitor.TestCheckAlerts" name="test_db_utilization_critical" time="0.003" /><testcase classname="backend.tests.test_pool_monitor.TestCheckAlerts" name="test_http_utilization_warning" time="0.002" /><testcase classname="backend.tests.test_pool_monitor.TestCheckHealth" name="test_healthy" time="0.002" /><testcase classname="backend.tests.test_pool_monitor.TestCheckHealth" name="test_unhealthy_db_critical_alert" time="0.003" /><testcase classname="backend.tests.test_pool_monitor.TestCheckHealth" name="test_report_to_dict" time="0.003" /><testcase classname="backend.tests.test_pool_monitor.TestHistory" name="test_collect_and_get" time="0.003" /><testcase classname="backend.tests.test_pool_monitor.TestHistory" name="test_history_max_size" time="0.004" /><testcase classname="backend.tests.test_pool_monitor.TestHistory" name="test_get_history_all" time="0.003" /><testcase classname="backend.tests.test_pool_monitor.TestDashboard" name="test_dashboard_structure" time="0.004" /><testcase classname="backend.tests.test_pool_monitor.TestPoolAlert" name="test_to_dict" time="0.001" /><testcase classname="backend.tests.test_pool_new.TestDatabasePoolNew" name="test_get_pool_stats" time="0.004" /><testcase classname="backend.tests.test_pool_new.TestDatabasePoolNew" name="test_ping_success" time="0.007" /><testcase classname="backend.tests.test_pool_new.TestDatabasePoolNew" name="test_ping_failure" time="0.006" /><testcase classname="backend.tests.test_pool_new.TestDatabasePoolNew" name="test_get_session" time="0.007" /><testcase classname="backend.tests.test_pool_new.TestDatabasePoolNew" name="test_session_scope_commit" time="0.007" /><testcase classname="backend.tests.test_pool_new.TestDatabasePoolNew" name="test_session_scope_rollback" time="0.009" /><testcase classname="backend.tests.test_pool_new.TestDatabasePoolNew" name="test_close" time="0.005" /><testcase classname="backend.tests.test_pool_new.TestDatabasePoolNew" name="test_context_manager" time="0.004" /><testcase classname="backend.tests.test_pool_new.TestHTTPPoolNew" name="test_lazy_init" time="0.002" /><testcase classname="backend.tests.test_pool_new.TestHTTPPoolNew" name="test_ensure_client_creates_client" time="0.477" /><testcase classname="backend.tests.test_pool_new.TestHTTPPoolNew" name="test_ensure_client_returns_same" time="0.515" /><testcase classname="backend.tests.test_pool_new.TestHTTPPoolNew" name="test_close_without_use" time="0.004" /><testcase classname="backend.tests.test_pool_new.TestHTTPPoolNew" name="test_close" time="0.532" /><testcase classname="backend.tests.test_pool_new.TestHTTPPoolNew" name="test_get_delegates_to_request" time="0.004" /><testcase classname="backend.tests.test_pool_new.TestHTTPPoolNew" name="test_post_delegates_to_request" time="0.004" /><testcase classname="backend.tests.test_pool_new.TestHTTPPoolNew" name="test_request_retries_on_failure" time="0.642" /><testcase classname="backend.tests.test_pool_new.TestHTTPPoolNew" name="test_request_raises_after_max_retries" time="0.884" /><testcase classname="backend.tests.test_pool_new.TestHTTPPoolNew" name="test_get_pool_stats_closed" time="0.001" /><testcase classname="backend.tests.test_pool_new.TestHTTPPoolNew" name="test_get_pool_stats_open" time="0.490" /><testcase classname="backend.tests.test_pool_new.TestHTTPPoolNew" name="test_context_manager" time="0.485" /><testcase classname="backend.tests.test_pool_new.TestHTTPPoolNew" name="test_ping_failure" time="0.478" /><testcase classname="backend.tests.test_pool_new.TestHTTPPoolNew" name="test_ping_success" time="0.534" /><testcase classname="backend.tests.test_pool_new.TestHTTPPoolNew" name="test_ping_server_error" time="0.537" /><testcase classname="backend.tests.test_pool_new.TestPoolMonitorIntegration" name="test_monitor_uses_ping" time="0.003" /><testcase classname="backend.tests.test_quota.TestQuotaPeriod" name="test_hourly_value" time="0.002" /><testcase classname="backend.tests.test_quota.TestQuotaPeriod" name="test_daily_value" time="0.001" /><testcase classname="backend.tests.test_quota.TestQuotaInfo" name="test_within_quota_when_remaining_positive" time="0.001" /><testcase classname="backend.tests.test_quota.TestQuotaInfo" name="test_not_within_quota_when_remaining_zero" time="0.001" /><testcase classname="backend.tests.test_quota.TestQuotaCheckResult" name="test_within_quota_all_periods_ok" time="0.001" /><testcase classname="backend.tests.test_quota.TestQuotaCheckResult" name="test_not_within_quota_when_one_period_exceeded" time="0.002" /><testcase classname="backend.tests.test_quota.TestQuotaCheckResult" name="test_to_dict" time="0.001" /><testcase classname="backend.tests.test_quota.TestQuotaManagerWithoutRedis" name="test_get_usage_returns_zero_when_no_redis" time="0.003" /><testcase classname="backend.tests.test_quota.TestQuotaManagerWithoutRedis" name="test_check_and_consume_always_passes_without_redis" time="0.003" /><testcase classname="backend.tests.test_quota.TestQuotaManagerWithoutRedis" name="test_reset_noop_without_redis" time="0.004" /><testcase classname="backend.tests.test_quota.TestQuotaManagerWithoutRedis" name="test_unknown_quota_type_returns_empty_periods" time="0.003" /><testcase classname="backend.tests.test_quota.TestQuotaExceededError" name="test_default_message" time="0.001" /><testcase classname="backend.tests.test_quota.TestQuotaExceededError" name="test_custom_details" time="0.001" /><testcase classname="backend.tests.test_quota.TestQuotaLimits" name="test_route_planning_limits" time="0.001" /><testcase classname="backend.tests.test_quota.TestQuotaLimits" name="test_poi_search_limits" time="0.001" /><testcase classname="backend.tests.test_quota.TestQuotaLimits" name="test_dialogue_limits" time="0.002" /><testcase classname="backend.tests.test_quota.TestQuotaLimits" name="test_all_types_have_both_periods" time="0.001" /><testcase classname="backend.tests.test_rate_limiter.TestRateLimitResult" name="test_to_headers" time="0.001" /><testcase classname="backend.tests.test_rate_limiter.TestRateLimitResult" name="test_allowed_is_true_when_within_limit" time="0.001" /><testcase classname="backend.tests.test_rate_limiter.TestRateLimitResult" name="test_allowed_is_false_when_exceeded" time="0.001" /><testcase classname="backend.tests.test_rate_limiter.TestLocalRateLimiter" name="test_allows_first_request" time="0.003" /><testcase classname="backend.tests.test_rate_limiter.TestLocalRateLimiter" name="test_blocks_after_limit_reached" time="0.004" /><testcase classname="backend.tests.test_rate_limiter.TestLocalRateLimiter" name="test_different_keys_independent" time="0.003" /><testcase classname="backend.tests.test_rate_limiter.TestLocalRateLimiter" name="test_window_reset" time="1.118" /><testcase classname="backend.tests.test_rate_limiter.TestLocalRateLimiter" name="test_remaining_decrements" time="0.003" /><testcase classname="backend.tests.test_rate_limiter.TestLocalRateLimiter" name="test_cleanup_removes_stale_windows" time="0.003" /><testcase classname="backend.tests.test_rate_limiter.TestRateLimiterWithoutRedis" name="test_uses_local_backend" time="0.003" /><testcase classname="backend.tests.test_rate_limiter.TestRateLimiterWithoutRedis" name="test_is_allowed_delegates_to_local" time="0.003" /><testcase classname="backend.tests.test_rate_limiter.TestRateLimiterWithoutRedis" name="test_cleanup_local_noop_for_redis_mode" time="0.003" /><testcase classname="backend.tests.test_rate_limiter.TestRateLimitExceededError" name="test_default_message" time="0.001" /><testcase classname="backend.tests.test_rate_limiter.TestRateLimitExceededError" name="test_custom_details" time="0.001" /><testcase classname="backend.tests.test_registry.TestServiceInfo" name="test_create_with_defaults" time="0.001" /><testcase classname="backend.tests.test_registry.TestServiceInfo" name="test_to_dict" time="0.001" /><testcase classname="backend.tests.test_registry.TestServiceInfo" name="test_port_validation" time="0.001" /><testcase classname="backend.tests.test_registry.TestServiceRegistry" name="test_register_and_get" time="0.004" /><testcase classname="backend.tests.test_registry.TestServiceRegistry" name="test_get_nonexistent_returns_none" time="0.003" /><testcase classname="backend.tests.test_registry.TestServiceRegistry" name="test_deregister" time="0.004" /><testcase classname="backend.tests.test_registry.TestServiceRegistry" name="test_deregister_nonexistent" time="0.003" /><testcase classname="backend.tests.test_registry.TestServiceRegistry" name="test_heartbeat" time="0.004" /><testcase classname="backend.tests.test_registry.TestServiceRegistry" name="test_heartbeat_nonexistent" time="0.003" /><testcase classname="backend.tests.test_registry.TestServiceRegistry" name="test_get_all_services" time="0.003" /><testcase classname="backend.tests.test_registry.TestServiceRegistry" name="test_unhealthy_service_not_returned" time="0.004" /><testcase classname="backend.tests.test_registry.TestServiceRegistry" name="test_health_check_marks_unhealthy" time="0.003" /><testcase classname="backend.tests.test_registry.TestServiceRegistry" name="test_remove_unhealthy" time="0.003" /><testcase classname="backend.tests.test_registry.TestServiceRegistry" name="test_service_count_properties" time="0.003" /><testcase classname="backend.tests.test_registry.TestServiceRegistry" name="test_start_stop" time="0.004" /><testcase classname="backend.tests.test_registry.TestServiceRegistry" name="test_start_idempotent" time="0.004" /><testcase classname="backend.tests.test_registry.TestServiceDiscovery" name="test_discover_local" time="0.003" /><testcase classname="backend.tests.test_registry.TestServiceDiscovery" name="test_discover_not_found" time="0.003" /><testcase classname="backend.tests.test_registry.TestServiceDiscovery" name="test_get_service_url_raises" time="0.004" /><testcase classname="backend.tests.test_registry.TestServiceDiscovery" name="test_get_service_url_success" time="0.003" /><testcase classname="backend.tests.test_resource_monitor.TestResourceMetrics" name="test_to_dict_rounds_values" time="0.001" /><testcase classname="backend.tests.test_resource_monitor.TestResourceMetrics" name="test_to_dict_has_timestamp" time="0.001" /><testcase classname="backend.tests.test_resource_monitor.TestAlertEvent" name="test_to_dict" time="0.001" /><testcase classname="backend.tests.test_resource_monitor.TestComparisonOperator" name="test_comparison_operators[&gt;-10.0-5.0-True]" time="0.002" /><testcase classname="backend.tests.test_resource_monitor.TestComparisonOperator" name="test_comparison_operators[&gt;-5.0-10.0-False]" time="0.002" /><testcase classname="backend.tests.test_resource_monitor.TestComparisonOperator" name="test_comparison_operators[&gt;=-10.0-10.0-True]" time="0.002" /><testcase classname="backend.tests.test_resource_monitor.TestComparisonOperator" name="test_comparison_operators[&gt;=-9.0-10.0-False]" time="0.002" /><testcase classname="backend.tests.test_resource_monitor.TestComparisonOperator" name="test_comparison_operators[&lt;-5.0-10.0-True]" time="0.002" /><testcase classname="backend.tests.test_resource_monitor.TestComparisonOperator" name="test_comparison_operators[&lt;-10.0-5.0-False]" time="0.002" /><testcase classname="backend.tests.test_resource_monitor.TestComparisonOperator" name="test_comparison_operators[&lt;=-10.0-10.0-True]" time="0.002" /><testcase classname="backend.tests.test_resource_monitor.TestComparisonOperator" name="test_comparison_operators[&lt;=-11.0-10.0-False]" time="0.002" /><testcase classname="backend.tests.test_resource_monitor.TestComparisonOperator" name="test_comparison_operators[==-5.0-5.0-True]" time="0.002" /><testcase classname="backend.tests.test_resource_monitor.TestComparisonOperator" name="test_comparison_operators[==-5.0-6.0-False]" time="0.002" /><testcase classname="backend.tests.test_resource_monitor.TestComparisonOperator" name="test_comparison_operators[!=-5.0-6.0-True]" time="0.002" /><testcase classname="backend.tests.test_resource_monitor.TestComparisonOperator" name="test_comparison_operators[!=-5.0-5.0-False]" time="0.002" /><testcase classname="backend.tests.test_resource_monitor.TestCollectMetrics" name="test_collect_returns_resource_metrics" time="0.003" /><testcase classname="backend.tests.test_resource_monitor.TestResourceMonitor" name="test_add_rule" time="0.002" /><testcase classname="backend.tests.test_resource_monitor.TestResourceMonitor" name="test_add_rule_overwrites_same_name" time="0.002" /><testcase classname="backend.tests.test_resource_monitor.TestResourceMonitor" name="test_remove_rule" time="0.002" /><testcase classname="backend.tests.test_resource_monitor.TestResourceMonitor" name="test_remove_nonexistent_rule" time="0.001" /><testcase classname="backend.tests.test_resource_monitor.TestResourceMonitor" name="test_add_callback" time="0.001" /><testcase classname="backend.tests.test_resource_monitor.TestResourceMonitor" name="test_initial_state" time="0.001" /><testcase classname="backend.tests.test_resource_monitor.TestResourceMonitor" name="test_get_status" time="0.002" /><testcase classname="backend.tests.test_resource_monitor.TestResourceMonitorEvaluateRules" name="test_rule_triggers_when_threshold_exceeded" time="0.005" /><testcase classname="backend.tests.test_resource_monitor.TestResourceMonitorEvaluateRules" name="test_rule_does_not_trigger_below_threshold" time="0.003" /><testcase classname="backend.tests.test_resource_monitor.TestResourceMonitorEvaluateRules" name="test_cooldown_prevents_duplicate_alerts" time="0.003" /><testcase classname="backend.tests.test_resource_monitor.TestResourceMonitorEvaluateRules" name="test_callback_exception_does_not_block_others" time="0.005" /><testcase classname="backend.tests.test_resource_monitor.TestResourceMonitorEvaluateRules" name="test_multiple_rules_evaluate_independently" time="0.003" /><testcase classname="backend.tests.test_resource_monitor.TestResourceMonitorStartStop" name="test_start_and_stop" time="1.508" /><testcase classname="backend.tests.test_resource_monitor.TestResourceMonitorStartStop" name="test_double_start_is_idempotent" time="0.003" /><testcase classname="backend.tests.test_resource_monitor.TestDefaultRules" name="test_default_rules_loaded" time="0.001" /><testcase classname="backend.tests.test_resource_monitor.TestDefaultRules" name="test_singleton_returns_same_instance" time="0.001" /><testcase classname="backend.tests.test_resource_monitor.TestDefaultRules" name="test_reset_creates_new_instance" time="0.001" /><testcase classname="backend.tests.test_retry.TestRetryDecorator" name="test_no_retry_on_success" time="0.003" /><testcase classname="backend.tests.test_retry.TestRetryDecorator" name="test_retries_on_failure" time="0.045" /><testcase classname="backend.tests.test_retry.TestRetryDecorator" name="test_raises_after_exhaustion" time="0.030" /><testcase classname="backend.tests.test_retry.TestRetryDecorator" name="test_only_retries_specified_exceptions" time="0.003" /><testcase classname="backend.tests.test_retry.TestRetryDecorator" name="test_on_retry_callback" time="0.056" /><testcase classname="backend.tests.test_retry.TestRetryDecorator" name="test_max_delay_respected" time="0.046" /><testcase classname="backend.tests.test_retry.TestRetryDecorator" name="test_sync_function_support" time="0.033" /><testcase classname="backend.tests.test_retry.TestRetryDecorator" name="test_zero_retries" time="0.003" /><testcase classname="backend.tests.test_scheduled_backup" name="test_start_and_stop" time="0.012" /><testcase classname="backend.tests.test_scheduled_backup" name="test_double_start" time="0.010" /><testcase classname="backend.tests.test_scheduled_backup" name="test_stop_when_not_running" time="0.003" /><testcase classname="backend.tests.test_scheduled_backup" name="test_run_now" time="0.023" /><testcase classname="backend.tests.test_scheduled_backup" name="test_run_now_failure_returns_none" time="0.005" /><testcase classname="backend.tests.test_scheduled_backup" name="test_loop_runs_backup" time="0.118" /><testcase classname="backend.tests.test_scheduled_backup" name="test_get_scheduled_backup_singleton" time="0.001" /><testcase classname="backend.tests.test_self_healing.TestHealingAttempt" name="test_to_dict" time="0.001" /><testcase classname="backend.tests.test_self_healing.TestDegradationLevel" name="test_levels" time="0.001" /><testcase classname="backend.tests.test_self_healing.TestSelfHealing" name="test_heal_no_registered_service" time="0.004" /><testcase classname="backend.tests.test_self_healing.TestSelfHealing" name="test_heal_recovery_success" time="0.003" /><testcase classname="backend.tests.test_self_healing.TestSelfHealing" name="test_heal_recovery_failure_degrades" time="0.004" /><testcase classname="backend.tests.test_self_healing.TestSelfHealing" name="test_heal_already_degraded_skips" time="0.004" /><testcase classname="backend.tests.test_self_healing.TestSelfHealing" name="test_heal_cooldown" time="0.004" /><testcase classname="backend.tests.test_self_healing.TestSelfHealing" name="test_heal_many" time="0.004" /><testcase classname="backend.tests.test_self_healing.TestSelfHealing" name="test_heal_many_empty" time="0.004" /><testcase classname="backend.tests.test_self_healing.TestSelfHealing" name="test_heal_all_faulty" time="0.004" /><testcase classname="backend.tests.test_self_healing.TestSelfHealing" name="test_record_success_exits_degradation" time="0.002" /><testcase classname="backend.tests.test_self_healing.TestSelfHealing" name="test_is_degraded_false_by_default" time="0.002" /><testcase classname="backend.tests.test_self_healing.TestSelfHealing" name="test_get_degradation_level_default" time="0.002" /><testcase classname="backend.tests.test_self_healing.TestSelfHealing" name="test_get_degraded_services" time="0.002" /><testcase classname="backend.tests.test_self_healing.TestSelfHealing" name="test_probe_service_recovery" time="0.003" /><testcase classname="backend.tests.test_self_healing.TestSelfHealing" name="test_probe_service_still_down" time="0.004" /><testcase classname="backend.tests.test_self_healing.TestSelfHealing" name="test_probe_service_no_config" time="0.004" /><testcase classname="backend.tests.test_self_healing.TestSelfHealing" name="test_probe_service_not_degraded" time="0.003" /><testcase classname="backend.tests.test_self_healing.TestSelfHealing" name="test_probe_all_degraded" time="0.003" /><testcase classname="backend.tests.test_self_healing.TestSelfHealing" name="test_unregister_service" time="0.002" /><testcase classname="backend.tests.test_self_healing.TestSelfHealing" name="test_history" time="0.002" /><testcase classname="backend.tests.test_self_healing.TestSelfHealing" name="test_get_status" time="0.002" /><testcase classname="backend.tests.test_self_healing.TestSelfHealing" name="test_determine_degradation_level_faulty" time="0.004" /><testcase classname="backend.tests.test_self_healing.TestSelfHealing" name="test_determine_degradation_level_critical" time="0.004" /><testcase classname="backend.tests.test_self_healing.TestGetSelfHealing" name="test_singleton" time="0.002" /><testcase classname="backend.tests.test_self_healing.TestDegradeFunctions" name="test_degrade_database" time="0.004" /><testcase classname="backend.tests.test_self_healing.TestDegradeFunctions" name="test_degrade_redis" time="0.003" /><testcase classname="backend.tests.test_self_healing.TestDegradeFunctions" name="test_degrade_llm_service" time="0.004" /><testcase classname="backend.tests.test_user_rate_limiter.TestEndpointTier" name="test_resolve_plan_route" time="0.001" /><testcase classname="backend.tests.test_user_rate_limiter.TestEndpointTier" name="test_resolve_search_poi" time="0.001" /><testcase classname="backend.tests.test_user_rate_limiter.TestEndpointTier" name="test_resolve_dialogue" time="0.001" /><testcase classname="backend.tests.test_user_rate_limiter.TestEndpointTier" name="test_resolve_default_for_unknown" time="0.002" /><testcase classname="backend.tests.test_user_rate_limiter.TestUserRateLimitResult" name="test_to_headers" time="0.001" /><testcase classname="backend.tests.test_user_rate_limiter.TestLocalUserRateLimiter" name="test_allows_first_request" time="0.003" /><testcase classname="backend.tests.test_user_rate_limiter.TestLocalUserRateLimiter" name="test_blocks_after_limit" time="0.004" /><testcase classname="backend.tests.test_user_rate_limiter.TestLocalUserRateLimiter" name="test_window_reset" time="1.105" /><testcase classname="backend.tests.test_user_rate_limiter.TestLocalUserRateLimiter" name="test_different_keys_independent" time="0.004" /><testcase classname="backend.tests.test_user_rate_limiter.TestUserRateLimiterLocal" name="test_backend_type_is_local" time="0.003" /><testcase classname="backend.tests.test_user_rate_limiter.TestUserRateLimiterLocal" name="test_check_respects_endpoint_tier" time="0.005" /><testcase classname="backend.tests.test_user_rate_limiter.TestUserRateLimiterLocal" name="test_different_endpoints_independent" time="0.004" /><testcase classname="backend.tests.test_user_rate_limiter.TestUserRateLimiterLocal" name="test_multiplier_reduces_limit" time="0.004" /><testcase classname="backend.tests.test_user_rate_limiter.TestUserRateLimiterLocal" name="test_multiplier_increases_limit" time="0.004" /><testcase classname="backend.tests.test_user_rate_limiter.TestUserRateLimiterLocal" name="test_whitelist_user_always_allowed" time="0.005" /><testcase classname="backend.tests.test_user_rate_limiter.TestUserRateLimiterLocal" name="test_check_with_tier" time="0.004" /><testcase classname="backend.tests.test_user_rate_limiter.TestUserRateLimiterLocal" name="test_result_contains_correct_fields" time="0.003" /><testcase classname="backend.tests.test_user_rate_limiter.TestUserRateLimitExceededError" name="test_default_message" time="0.002" /><testcase classname="backend.tests.test_user_rate_limiter.TestUserRateLimitExceededError" name="test_custom_details" time="0.005" /></testsuite></testsuites>